1.
2.
3.

vutuan@DESKTOP-H9UN2GI MINGW64 /f/11. JS/Thang 5/1_0
$ git init
Initialized empty Git repository in F:/11. JS/Thang 5/1_0/.git/

vutuan@DESKTOP-H9UN2GI MINGW64 /f/11. JS/Thang 5/1_0 (master)
$ git status
On branch master

No commits yet

Untracked files:
  (use "git add <file>..." to include in what will be committed)
        index1.html

nothing added to commit but untracked files present (use "git add" to track)

vutuan@DESKTOP-H9UN2GI MINGW64 /f/11. JS/Thang 5/1_0 (master)
$ git add .

vutuan@DESKTOP-H9UN2GI MINGW64 /f/11. JS/Thang 5/1_0 (master)
$ git commit -m '1st'
[master (root-commit) 6803a1e] 1st
 1 file changed, 20 insertions(+)
 create mode 100644 index1.html

vutuan@DESKTOP-H9UN2GI MINGW64 /f/11. JS/Thang 5/1_0 (master)
$ git remote add origin https://github.com/EL-Will/Test_Git_Group.git

vutuan@DESKTOP-H9UN2GI MINGW64 /f/11. JS/Thang 5/1_0 (master)
$ git push -u origin master
Enumerating objects: 3, done.
Counting objects: 100% (3/3), done.
Delta compression using up to 4 threads
Compressing objects: 100% (2/2), done.
Writing objects: 100% (3/3), 869 bytes | 434.00 KiB/s, done.
Total 3 (delta 0), reused 0 (delta 0), pack-reused 0
To https://github.com/EL-Will/Test_Git_Group.git
 * [new branch]      master -> master
branch 'master' set up to track 'origin/master'.

vutuan@DESKTOP-H9UN2GI MINGW64 /f/11. JS/Thang 5/1_0 (master)
$ git status
On branch master
Your branch is up to date with 'origin/master'.

Untracked files:
  (use "git add <file>..." to include in what will be committed)
        danh_sach_cong _viec.txt

nothing added to commit but untracked files present (use "git add" to track)

vutuan@DESKTOP-H9UN2GI MINGW64 /f/11. JS/Thang 5/1_0 (master)
$ git commit -m 'Tao file'
On branch master
Your branch is up to date with 'origin/master'.

Untracked files:
  (use "git add <file>..." to include in what will be committed)
        danh_sach_cong _viec.txt

nothing added to commit but untracked files present (use "git add" to track)

vutuan@DESKTOP-H9UN2GI MINGW64 /f/11. JS/Thang 5/1_0 (master)
$ git add .

vutuan@DESKTOP-H9UN2GI MINGW64 /f/11. JS/Thang 5/1_0 (master)
$ git commit -m 'Tao file'
[master 411a997] Tao file
 1 file changed, 3 insertions(+)
 create mode 100644 danh_sach_cong _viec.txt

vutuan@DESKTOP-H9UN2GI MINGW64 /f/11. JS/Thang 5/1_0 (master)
$ git checkout -b nhom1
Switched to a new branch 'nhom1'

vutuan@DESKTOP-H9UN2GI MINGW64 /f/11. JS/Thang 5/1_0 (nhom1)
$ git push -u origin nhom1
Enumerating objects: 4, done.
Counting objects: 100% (4/4), done.
Delta compression using up to 4 threads
Compressing objects: 100% (2/2), done.
Writing objects: 100% (3/3), 305 bytes | 305.00 KiB/s, done.
Total 3 (delta 0), reused 0 (delta 0), pack-reused 0
remote: 
remote: Create a pull request for 'nhom1' on GitHub by visiting:
remote:      https://github.com/EL-Will/Test_Git_Group/pull/new/nhom1
remote:
To https://github.com/EL-Will/Test_Git_Group.git
 * [new branch]      nhom1 -> nhom1
branch 'nhom1' set up to track 'origin/nhom1'.

vutuan@DESKTOP-H9UN2GI MINGW64 /f/11. JS/Thang 5/1_0 (nhom1)
$ git checkout master
Switched to branch 'master'
Your branch is ahead of 'origin/master' by 1 commit.
  (use "git push" to publish your local commits)

vutuan@DESKTOP-H9UN2GI MINGW64 /f/11. JS/Thang 5/1_0 (master)
$ git checkout -b nhom2
Switched to a new branch 'nhom2'

vutuan@DESKTOP-H9UN2GI MINGW64 /f/11. JS/Thang 5/1_0 (nhom2)
$ git push -u origin nhom2
Total 0 (delta 0), reused 0 (delta 0), pack-reused 0
remote: 
remote: Create a pull request for 'nhom2' on GitHub by visiting:
remote:      https://github.com/EL-Will/Test_Git_Group/pull/new/nhom2
remote:
To https://github.com/EL-Will/Test_Git_Group.git
 * [new branch]      nhom2 -> nhom2
branch 'nhom2' set up to track 'origin/nhom2'.

vutuan@DESKTOP-H9UN2GI MINGW64 /f/11. JS/Thang 5/1_0 (nhom2)
$